// Jest Snapshot v1, https://goo.gl/fbAQLP

exports[`<RuleLabel /> matches snapshot 1`] = `
<div
  onClick={[Function]}
  style={
    Object {
      "backgroundColor": "blue",
      "borderColor": "transparent",
      "borderRadius": "5px",
      "borderStyle": "solid",
      "borderWidth": "1px",
      "cursor": "pointer",
      "display": "inline-block",
      "fontSize": "10pt",
      "lineHeight": 1,
      "marginRight": "5px",
      "marginTop": "5px",
      "maxWidth": "200px",
      "padding": "5px",
      "width": "100%",
    }
  }
>
  None
  <span
    style={
      Object {
        "color": "#666666",
        "display": "block",
        "float": "right",
      }
    }
  >
    (1)
  </span>
</div>
`;
